============================= test session starts =============================
platform win32 -- Python 3.14.0, pytest-9.0.1, pluggy-1.6.0 -- C:\Python314\python.exe
cachedir: .pytest_cache
rootdir: C:\Users\kondo\Desktop\autouploader
configfile: pyproject.toml
plugins: anyio-4.12.0, asyncio-1.3.0, cov-7.0.0, mock-3.15.1
asyncio: mode=Mode.AUTO, debug=False, asyncio_default_fixture_loop_scope=None, asyncio_default_test_loop_scope=function
collecting ... collected 1 item

tests/unit/queue/test_routes.py::TestAddJob::test_add_job_success FAILED

================================== FAILURES ===================================
_______________________ TestAddJob.test_add_job_success _______________________

self = <tests.unit.queue.test_routes.TestAddJob object at 0x0000028DDC021E50>
test_client = <starlette.testclient.TestClient object at 0x0000028DDDD9D7F0>
mock_session_manager = <MagicMock name='get_session_manager()' id='2808335688976'>
mock_queue_manager = <MagicMock name='QueueManagerDB' id='2808335689984'>

    def test_add_job_success(
        self, test_client, mock_session_manager, mock_queue_manager
    ):
        """Test adding job to queue."""
        job_id = uuid4()
        mock_queue_manager.add_job = AsyncMock(return_value=MagicMock(
            id=job_id,
            drive_file_id="file123",
            drive_file_name="video.mp4",
            status="pending",
            progress=0,
        ))
    
        with patch("app.queue.routes.get_db"):
>           response = test_client.post(
                "/queue/jobs",
                json={
                    "drive_file_id": "file123",
                    "drive_file_name": "video.mp4",
                    "metadata": {
                        "title": "Test Video",
                        "description": "Test",
                        "privacy_status": "private",
                    },
                },
                cookies={"session": "valid-token"},
            )

tests\unit\queue\test_routes.py:183: 
_ _ _ _ _ _ _ _ _ _ _ _ _ _ _ _ _ _ _ _ _ _ _ _ _ _ _ _ _ _ _ _ _ _ _ _ _ _ _ _
..\..\AppData\Roaming\Python\Python314\site-packages\starlette\testclient.py:546: in post
    return super().post(
..\..\AppData\Roaming\Python\Python314\site-packages\httpx\_client.py:1144: in post
    return self.request(
..\..\AppData\Roaming\Python\Python314\site-packages\starlette\testclient.py:445: in request
    return super().request(
..\..\AppData\Roaming\Python\Python314\site-packages\httpx\_client.py:825: in request
    return self.send(request, auth=auth, follow_redirects=follow_redirects)
           ^^^^^^^^^^^^^^^^^^^^^^^^^^^^^^^^^^^^^^^^^^^^^^^^^^^^^^^^^^^^^^^^
..\..\AppData\Roaming\Python\Python314\site-packages\httpx\_client.py:914: in send
    response = self._send_handling_auth(
..\..\AppData\Roaming\Python\Python314\site-packages\httpx\_client.py:942: in _send_handling_auth
    response = self._send_handling_redirects(
..\..\AppData\Roaming\Python\Python314\site-packages\httpx\_client.py:979: in _send_handling_redirects
    response = self._send_single_request(request)
               ^^^^^^^^^^^^^^^^^^^^^^^^^^^^^^^^^^
..\..\AppData\Roaming\Python\Python314\site-packages\httpx\_client.py:1014: in _send_single_request
    response = transport.handle_request(request)
               ^^^^^^^^^^^^^^^^^^^^^^^^^^^^^^^^^
..\..\AppData\Roaming\Python\Python314\site-packages\starlette\testclient.py:348: in handle_request
    raise exc
..\..\AppData\Roaming\Python\Python314\site-packages\starlette\testclient.py:345: in handle_request
    portal.call(self.app, scope, receive, send)
..\..\AppData\Roaming\Python\Python314\site-packages\anyio\from_thread.py:326: in call
    return cast(T_Retval, self.start_task_soon(func, *args).result())
                          ^^^^^^^^^^^^^^^^^^^^^^^^^^^^^^^^^^^^^^^^^^
C:\Python314\Lib\concurrent\futures\_base.py:450: in result
    return self.__get_result()
           ^^^^^^^^^^^^^^^^^^^
C:\Python314\Lib\concurrent\futures\_base.py:395: in __get_result
    raise self._exception
..\..\AppData\Roaming\Python\Python314\site-packages\anyio\from_thread.py:257: in _call_func
    retval = await retval_or_awaitable
             ^^^^^^^^^^^^^^^^^^^^^^^^^
..\..\AppData\Roaming\Python\Python314\site-packages\fastapi\applications.py:1139: in __call__
    await super().__call__(scope, receive, send)
..\..\AppData\Roaming\Python\Python314\site-packages\starlette\applications.py:107: in __call__
    await self.middleware_stack(scope, receive, send)
..\..\AppData\Roaming\Python\Python314\site-packages\starlette\middleware\errors.py:186: in __call__
    raise exc
..\..\AppData\Roaming\Python\Python314\site-packages\starlette\middleware\errors.py:164: in __call__
    await self.app(scope, receive, _send)
..\..\AppData\Roaming\Python\Python314\site-packages\starlette\middleware\cors.py:85: in __call__
    await self.app(scope, receive, send)
..\..\AppData\Roaming\Python\Python314\site-packages\starlette\middleware\exceptions.py:63: in __call__
    await wrap_app_handling_exceptions(self.app, conn)(scope, receive, send)
..\..\AppData\Roaming\Python\Python314\site-packages\starlette\_exception_handler.py:53: in wrapped_app
    raise exc
..\..\AppData\Roaming\Python\Python314\site-packages\starlette\_exception_handler.py:42: in wrapped_app
    await app(scope, receive, sender)
..\..\AppData\Roaming\Python\Python314\site-packages\fastapi\middleware\asyncexitstack.py:18: in __call__
    await self.app(scope, receive, send)
..\..\AppData\Roaming\Python\Python314\site-packages\starlette\routing.py:716: in __call__
    await self.middleware_stack(scope, receive, send)
..\..\AppData\Roaming\Python\Python314\site-packages\starlette\routing.py:736: in app
    await route.handle(scope, receive, send)
..\..\AppData\Roaming\Python\Python314\site-packages\starlette\routing.py:290: in handle
    await self.app(scope, receive, send)
..\..\AppData\Roaming\Python\Python314\site-packages\fastapi\routing.py:119: in app
    await wrap_app_handling_exceptions(app, request)(scope, receive, send)
..\..\AppData\Roaming\Python\Python314\site-packages\starlette\_exception_handler.py:53: in wrapped_app
    raise exc
..\..\AppData\Roaming\Python\Python314\site-packages\starlette\_exception_handler.py:42: in wrapped_app
    await app(scope, receive, sender)
..\..\AppData\Roaming\Python\Python314\site-packages\fastapi\routing.py:105: in app
    response = await f(request)
               ^^^^^^^^^^^^^^^^
..\..\AppData\Roaming\Python\Python314\site-packages\fastapi\routing.py:385: in app
    raw_response = await run_endpoint_function(
..\..\AppData\Roaming\Python\Python314\site-packages\fastapi\routing.py:284: in run_endpoint_function
    return await dependant.call(**values)
           ^^^^^^^^^^^^^^^^^^^^^^^^^^^^^^
_ _ _ _ _ _ _ _ _ _ _ _ _ _ _ _ _ _ _ _ _ _ _ _ _ _ _ _ _ _ _ _ _ _ _ _ _ _ _ _

job_create = QueueJobCreate(drive_file_id='file123', drive_file_name='video.mp4', drive_md5_checksum=None, folder_path=None, batch_...NTERTAINMENT: '24'>, privacy_status=<PrivacyStatus.PRIVATE: 'private'>, made_for_kids=False, notify_subscribers=False))
background_tasks = <fastapi.background.BackgroundTasks object at 0x0000028DDDE8C440>
db = <sqlalchemy.ext.asyncio.session.AsyncSession object at 0x0000028DDDDDB8C0>
user_id = <MagicMock name='get_session_manager().verify_session_token().get()' id='2808336662944'>

    @router.post("/jobs", response_model=QueueJobResponse)
    async def add_job(
        job_create: QueueJobCreate,
        background_tasks: BackgroundTasks,
        db: AsyncSession = Depends(get_db),
        user_id: str = Depends(get_current_user_id),
    ) -> QueueJobResponse:
        """Add a new job to the upload queue.
    
        Args:
            job_create: Job creation request
            background_tasks: FastAPI background tasks
            db: Database session
            user_id: Current user ID
    
        Returns:
            Created job
    
        Raises:
            HTTPException: If file size exceeds maximum limit
        """
        # Validate file size
        _, warning = validate_file_size(job_create.file_size, job_create.drive_file_name)
    
        job = await QueueManagerDB.add_job(db, job_create, user_id)
    
        # Ensure worker is running
        worker = get_queue_worker()
        if not worker.is_running():
            background_tasks.add_task(_start_worker)
    
        message = warning if warning else "Job added to queue"
>       return QueueJobResponse(job=job, message=message)
               ^^^^^^^^^^^^^^^^^^^^^^^^^^^^^^^^^^^^^^^^^^
E       pydantic_core._pydantic_core.ValidationError: 1 validation error for QueueJobResponse
E       job
E         Input should be a valid dictionary or instance of QueueJob [type=model_type, input_value=<MagicMock id='2808335690320'>, input_type=MagicMock]
E           For further information visit https://errors.pydantic.dev/2.12/v/model_type

app\queue\routes.py:153: ValidationError
============================== warnings summary ===============================
app\config.py:26
  C:\Users\kondo\Desktop\autouploader\app\config.py:26: PydanticDeprecatedSince20: Using extra keyword arguments on `Field` is deprecated and will be removed. Use `json_schema_extra` instead. (Extra keys: 'env'). Deprecated in Pydantic V2.0 to be removed in V3.0. See Pydantic V2 Migration Guide at https://errors.pydantic.dev/2.12/migration/
    port: int = Field(8000, env="PORT")

tests/unit/queue/test_routes.py::TestAddJob::test_add_job_success
  C:\Users\kondo\AppData\Roaming\Python\Python314\site-packages\starlette\testclient.py:445: DeprecationWarning: Setting per-request cookies=<...> is being deprecated, because the expected behaviour on cookie persistence is ambiguous. Set cookies directly on the client instance instead.
    return super().request(

-- Docs: https://docs.pytest.org/en/stable/how-to/capture-warnings.html
=========================== short test summary info ===========================
FAILED tests/unit/queue/test_routes.py::TestAddJob::test_add_job_success - pydantic_core._pydantic_core.ValidationError: 1 validation error for QueueJobResponse
job
  Input should be a valid dictionary or instance of QueueJob [type=model_type, input_value=<MagicMock id='2808335690320'>, input_type=MagicMock]
    For further information visit https://errors.pydantic.dev/2.12/v/model_type
======================== 1 failed, 2 warnings in 3.26s ========================
